../Drivers/Src/stm32f446xx_tim.c:7:6:TIM_ClkCtrl	16	static
../Drivers/Src/stm32f446xx_tim.c:70:6:TIM_DeInit	16	static
../Drivers/Src/stm32f446xx_tim.c:102:9:TIM_GetITStatus	24	static
../Drivers/Src/stm32f446xx_tim.c:115:6:TIM_ClearITPendingBit	16	static
../Drivers/Src/stm32f446xx_tim.c:120:6:TIM_TimeBaseInit	16	static
../Drivers/Src/stm32f446xx_tim.c:144:6:TIM_ICInit	24	static
../Drivers/Src/stm32f446xx_tim.c:320:6:TIM_OCInit	24	static
../Drivers/Src/stm32f446xx_tim.c:455:10:TIM_GetCounter	16	static
../Drivers/Src/stm32f446xx_tim.c:460:6:TIM_SetCounter	16	static
../Drivers/Src/stm32f446xx_tim.c:465:10:TIM_GetCapture	16	static
../Drivers/Src/stm32f446xx_tim.c:483:6:TIM_SetCompare	24	static
../Drivers/Src/stm32f446xx_tim.c:517:6:TIM_InputTrigger	24	static
../Drivers/Src/stm32f446xx_tim.c:532:6:TIM_SlaveMode	24	static
../Drivers/Src/stm32f446xx_tim.c:547:6:TIM_MasterTriggerOutput	24	static
../Drivers/Src/stm32f446xx_tim.c:561:6:TIM_Cmd	16	static
../Drivers/Src/stm32f446xx_tim.c:569:6:TIM_ITConfig	16	static
../Drivers/Src/stm32f446xx_tim.c:578:6:TIM_IRQHandler	16	static
../Drivers/Src/stm32f446xx_tim.c:607:28:TIM_EventCallback	16	static
