../Drivers/Src/stm32f446_rcc.c:20:6:RCC_HSEConfig	16	static
../Drivers/Src/stm32f446_rcc.c:48:6:RCC_LSEConfig	16	static
../Drivers/Src/stm32f446_rcc.c:65:6:RCC_PLLConfig	32	static
../Drivers/Src/stm32f446_rcc.c:82:6:RCC_HSICmd	16	static
../Drivers/Src/stm32f446_rcc.c:90:6:RCC_LSICmd	16	static
../Drivers/Src/stm32f446_rcc.c:98:6:RCC_PLLCmd	16	static
../Drivers/Src/stm32f446_rcc.c:107:6:RCC_MCO1Config	24	static
../Drivers/Src/stm32f446_rcc.c:125:6:RCC_WaitForCLKRDY	16	static
../Drivers/Src/stm32f446_rcc.c:138:6:RCC_SYSCLKConfig	24	static
../Drivers/Src/stm32f446_rcc.c:152:21:RCC_GetSYSCLKSource	16	static
../Drivers/Src/stm32f446_rcc.c:162:6:RCC_AHBCLKConfig	24	static
../Drivers/Src/stm32f446_rcc.c:176:6:RCC_APB1CLKConfig	24	static
../Drivers/Src/stm32f446_rcc.c:190:6:RCC_APB2CLKConfig	24	static
../Drivers/Src/stm32f446_rcc.c:205:10:RCC_GetSYSCLK	40	static
../Drivers/Src/stm32f446_rcc.c:268:10:RCC_GetAHBCLK	16	static
../Drivers/Src/stm32f446_rcc.c:280:10:RCC_GetAPB1CLK	16	static
../Drivers/Src/stm32f446_rcc.c:291:10:RCC_GetAPB2CLK	16	static
../Drivers/Src/stm32f446_rcc.c:303:10:RCC_GetAPB1_TimerCLK	16	static
../Drivers/Src/stm32f446_rcc.c:314:10:RCC_GetAPB2_TimerCLK	16	static
